// Jest Snapshot v1, https://goo.gl/fbAQLP

exports[`SessionResultPageComponent should snap when session results failed to load 1`] = `
<tm-session-result-page
  Intent={[Function Object]}
  authService={[Function AuthService]}
  backendUrl={[Function String]}
  courseId={[Function String]}
  courseInstitute=""
  courseName=""
  courseService={[Function CourseService]}
  entityType={[Function String]}
  feedbackQuestionsService={[Function FeedbackQuestionsService]}
  feedbackSessionName={[Function String]}
  feedbackSessionsService={[Function FeedbackSessionsService]}
  formattedSessionClosingTime=""
  formattedSessionOpeningTime=""
  hasFeedbackSessionResultsLoadingFailed={[Function Boolean]}
  instructorService={[Function InstructorService]}
  intent={[Function String]}
  isCourseLoading="false"
  isFeedbackSessionDetailsLoading="false"
  isFeedbackSessionResultsLoading="false"
  logService={[Function LogService]}
  loggedInUser=""
  navigationService={[Function NavigationService]}
  ngbModal={[Function NgbModal]}
  personEmail=""
  personName=""
  questions={[Function Array]}
  regKey={[Function String]}
  retryAttempts={[Function Number]}
  route={[Function Object]}
  session={[Function Object]}
  statusMessageService={[Function StatusMessageService]}
  studentService={[Function StudentService]}
  timezoneService={[Function TimezoneService]}
  visibilityRecipient={[Function String]}
>
  <h1>
     Feedback Session Results
  </h1><div
    class="row"
  >
    <div
      class="col-12"
    >
      <div
        class="alert alert-primary"
        role="alert"
      >
        <div>
           You are viewing feedback results as . You may submit feedback for sessions that are currently open and view results without logging in. To access other features you need to 
          <a
            href="#"
          >
            login using a Google account
          </a>
           (recommended). 
        </div>
      </div>
    </div>
  </div><div
    class="card card-plain mt-3"
  >
    <div
      class="card-body"
    >
      <div
        class="row text-center"
      >
        <label
          class="col-md-2 text-md-right"
        >
          Course ID:
        </label>
        <div
          class="col-md-7 text-md-left"
          id="course-id"
        >
          CS3281
        </div>
      </div>
      <div
        class="row text-center"
      >
        <label
          class="col-md-2 text-md-right"
        >
          Session:
        </label>
        <div
          class="col-md-7 text-md-left"
          id="session-name"
        >
          Peer Feedback
        </div>
      </div>
      <div
        class="row text-center"
      >
        <label
          class="col-md-2 text-md-right"
        >
          Opening time:
        </label>
        <div
          class="col-md-7 text-md-left"
          id="opening-time"
        >
        </div>
      </div>
      <div
        class="row text-center"
      >
        <label
          class="col-md-2 text-md-right"
        >
          Closing time:
        </label>
        <div
          class="col-md-7 text-md-left"
          id="closing-time"
        >
        </div>
      </div>
    </div>
  </div><tm-loading-retry>
    <div
      class="text-center"
    >
      <p
        class="text-muted m-1"
      >
        Failed to load results
      </p>
      <button
        class="btn btn-primary"
      >
        <i
          aria-hidden="true"
          class="fas fa-redo"
        />
        Â Retry
      </button>
    </div>
  </tm-loading-retry>
</tm-session-result-page>
`;

exports[`SessionResultPageComponent should snap with an open feedback session with no questions 1`] = `
<tm-session-result-page
  Intent={[Function Object]}
  authService={[Function AuthService]}
  backendUrl={[Function String]}
  courseId={[Function String]}
  courseInstitute=""
  courseName=""
  courseService={[Function CourseService]}
  entityType={[Function String]}
  feedbackQuestionsService={[Function FeedbackQuestionsService]}
  feedbackSessionName={[Function String]}
  feedbackSessionsService={[Function FeedbackSessionsService]}
  formattedSessionClosingTime=""
  formattedSessionOpeningTime=""
  hasFeedbackSessionResultsLoadingFailed="false"
  instructorService={[Function InstructorService]}
  intent={[Function String]}
  isCourseLoading="false"
  isFeedbackSessionDetailsLoading="false"
  isFeedbackSessionResultsLoading="false"
  logService={[Function LogService]}
  loggedInUser=""
  navigationService={[Function NavigationService]}
  ngbModal={[Function NgbModal]}
  personEmail=""
  personName=""
  questions={[Function Array]}
  regKey={[Function String]}
  retryAttempts={[Function Number]}
  route={[Function Object]}
  session={[Function Object]}
  statusMessageService={[Function StatusMessageService]}
  studentService={[Function StudentService]}
  timezoneService={[Function TimezoneService]}
  visibilityRecipient={[Function String]}
>
  <h1>
     Feedback Session Results
  </h1><div
    class="row"
  >
    <div
      class="col-12"
    >
      <div
        class="alert alert-primary"
        role="alert"
      >
        <div>
           You are viewing feedback results as . You may submit feedback for sessions that are currently open and view results without logging in. To access other features you need to 
          <a
            href="#"
          >
            login using a Google account
          </a>
           (recommended). 
        </div>
      </div>
    </div>
  </div><div
    class="card card-plain mt-3"
  >
    <div
      class="card-body"
    >
      <div
        class="row text-center"
      >
        <label
          class="col-md-2 text-md-right"
        >
          Course ID:
        </label>
        <div
          class="col-md-7 text-md-left"
          id="course-id"
        >
          CS3281
        </div>
      </div>
      <div
        class="row text-center"
      >
        <label
          class="col-md-2 text-md-right"
        >
          Session:
        </label>
        <div
          class="col-md-7 text-md-left"
          id="session-name"
        >
          Peer Feedback
        </div>
      </div>
      <div
        class="row text-center"
      >
        <label
          class="col-md-2 text-md-right"
        >
          Opening time:
        </label>
        <div
          class="col-md-7 text-md-left"
          id="opening-time"
        >
        </div>
      </div>
      <div
        class="row text-center"
      >
        <label
          class="col-md-2 text-md-right"
        >
          Closing time:
        </label>
        <div
          class="col-md-7 text-md-left"
          id="closing-time"
        >
        </div>
      </div>
    </div>
  </div><tm-loading-retry>
    <div>
      <div
        class="mt-4"
      >
        <div
          class="alert alert-primary d-flex align-items-center justify-content-center"
          role="alert"
          style="background-color: #D1ECF1;"
        >
           Nothing to show. The responses are either not configured to be visible or there are no responses. 
        </div>
      </div>
      <tm-question-response-panel>
      </tm-question-response-panel>
    </div>
  </tm-loading-retry>
</tm-session-result-page>
`;

exports[`SessionResultPageComponent should snap with default fields 1`] = `
<tm-session-result-page
  Intent={[Function Object]}
  authService={[Function AuthService]}
  backendUrl={[Function String]}
  courseId={[Function String]}
  courseInstitute=""
  courseName=""
  courseService={[Function CourseService]}
  entityType={[Function String]}
  feedbackQuestionsService={[Function FeedbackQuestionsService]}
  feedbackSessionName={[Function String]}
  feedbackSessionsService={[Function FeedbackSessionsService]}
  formattedSessionClosingTime=""
  formattedSessionOpeningTime=""
  hasFeedbackSessionResultsLoadingFailed="false"
  instructorService={[Function InstructorService]}
  intent={[Function String]}
  isCourseLoading="false"
  isFeedbackSessionDetailsLoading="false"
  isFeedbackSessionResultsLoading="false"
  logService={[Function LogService]}
  loggedInUser=""
  navigationService={[Function NavigationService]}
  ngbModal={[Function NgbModal]}
  personEmail=""
  personName=""
  questions={[Function Array]}
  regKey={[Function String]}
  retryAttempts={[Function Number]}
  route={[Function Object]}
  session={[Function Object]}
  statusMessageService={[Function StatusMessageService]}
  studentService={[Function StudentService]}
  timezoneService={[Function TimezoneService]}
  visibilityRecipient={[Function String]}
>
  <h1>
     Feedback Session Results
  </h1><div
    class="row"
  >
    <div
      class="col-12"
    >
      <div
        class="alert alert-primary"
        role="alert"
      >
        <div>
           You are viewing feedback results as . You may submit feedback for sessions that are currently open and view results without logging in. To access other features you need to 
          <a
            href="#"
          >
            login using a Google account
          </a>
           (recommended). 
        </div>
      </div>
    </div>
  </div><div
    class="card card-plain mt-3"
  >
    <div
      class="card-body"
    >
      <div
        class="row text-center"
      >
        <label
          class="col-md-2 text-md-right"
        >
          Course ID:
        </label>
        <div
          class="col-md-7 text-md-left"
          id="course-id"
        >
          CS3281
        </div>
      </div>
      <div
        class="row text-center"
      >
        <label
          class="col-md-2 text-md-right"
        >
          Session:
        </label>
        <div
          class="col-md-7 text-md-left"
          id="session-name"
        >
          Peer Feedback
        </div>
      </div>
      <div
        class="row text-center"
      >
        <label
          class="col-md-2 text-md-right"
        >
          Opening time:
        </label>
        <div
          class="col-md-7 text-md-left"
          id="opening-time"
        >
        </div>
      </div>
      <div
        class="row text-center"
      >
        <label
          class="col-md-2 text-md-right"
        >
          Closing time:
        </label>
        <div
          class="col-md-7 text-md-left"
          id="closing-time"
        >
        </div>
      </div>
    </div>
  </div><tm-loading-retry>
    <div>
      <div
        class="mt-4"
      >
        <div
          class="alert alert-primary d-flex align-items-center justify-content-center"
          role="alert"
          style="background-color: #D1ECF1;"
        >
           Nothing to show. The responses are either not configured to be visible or there are no responses. 
        </div>
      </div>
      <tm-question-response-panel>
      </tm-question-response-panel>
    </div>
  </tm-loading-retry>
</tm-session-result-page>
`;

exports[`SessionResultPageComponent should snap with session details and results are loading 1`] = `
<tm-session-result-page
  Intent={[Function Object]}
  authService={[Function AuthService]}
  backendUrl={[Function String]}
  courseId={[Function String]}
  courseInstitute=""
  courseName=""
  courseService={[Function CourseService]}
  entityType={[Function String]}
  feedbackQuestionsService={[Function FeedbackQuestionsService]}
  feedbackSessionName={[Function String]}
  feedbackSessionsService={[Function FeedbackSessionsService]}
  formattedSessionClosingTime=""
  formattedSessionOpeningTime=""
  hasFeedbackSessionResultsLoadingFailed="false"
  instructorService={[Function InstructorService]}
  intent={[Function String]}
  isCourseLoading={[Function Boolean]}
  isFeedbackSessionDetailsLoading={[Function Boolean]}
  isFeedbackSessionResultsLoading={[Function Boolean]}
  logService={[Function LogService]}
  loggedInUser=""
  navigationService={[Function NavigationService]}
  ngbModal={[Function NgbModal]}
  personEmail=""
  personName=""
  questions={[Function Array]}
  regKey={[Function String]}
  retryAttempts={[Function Number]}
  route={[Function Object]}
  session={[Function Object]}
  statusMessageService={[Function StatusMessageService]}
  studentService={[Function StudentService]}
  timezoneService={[Function TimezoneService]}
  visibilityRecipient={[Function String]}
>
  <h1>
     Feedback Session Results
  </h1><div
    class="row"
  >
    <div
      class="col-12"
    >
      <div
        class="alert alert-primary"
        role="alert"
      >
        <div>
           You are viewing feedback results as . You may submit feedback for sessions that are currently open and view results without logging in. To access other features you need to 
          <a
            href="#"
          >
            login using a Google account
          </a>
           (recommended). 
        </div>
      </div>
    </div>
  </div><tm-loading-spinner>
    <div
      class="loading-container"
    >
      <div
        class="row spinner-border text-primary"
        role="status"
      />
      <div
        class="row text-secondary"
      >
        Loading...
      </div>
    </div>
  </tm-loading-spinner><tm-loading-retry>
    <tm-loading-spinner>
      <div
        class="loading-container"
      >
        <div
          class="row spinner-border text-primary"
          role="status"
        />
        <div
          class="row text-secondary"
        >
          Loading...
        </div>
      </div>
    </tm-loading-spinner>
  </tm-loading-retry>
</tm-session-result-page>
`;

exports[`SessionResultPageComponent should snap with session details loaded and results are loading 1`] = `
<tm-session-result-page
  Intent={[Function Object]}
  authService={[Function AuthService]}
  backendUrl={[Function String]}
  courseId={[Function String]}
  courseInstitute=""
  courseName=""
  courseService={[Function CourseService]}
  entityType={[Function String]}
  feedbackQuestionsService={[Function FeedbackQuestionsService]}
  feedbackSessionName={[Function String]}
  feedbackSessionsService={[Function FeedbackSessionsService]}
  formattedSessionClosingTime=""
  formattedSessionOpeningTime=""
  hasFeedbackSessionResultsLoadingFailed="false"
  instructorService={[Function InstructorService]}
  intent={[Function String]}
  isCourseLoading="false"
  isFeedbackSessionDetailsLoading="false"
  isFeedbackSessionResultsLoading={[Function Boolean]}
  logService={[Function LogService]}
  loggedInUser=""
  navigationService={[Function NavigationService]}
  ngbModal={[Function NgbModal]}
  personEmail=""
  personName=""
  questions={[Function Array]}
  regKey={[Function String]}
  retryAttempts={[Function Number]}
  route={[Function Object]}
  session={[Function Object]}
  statusMessageService={[Function StatusMessageService]}
  studentService={[Function StudentService]}
  timezoneService={[Function TimezoneService]}
  visibilityRecipient={[Function String]}
>
  <h1>
     Feedback Session Results
  </h1><div
    class="row"
  >
    <div
      class="col-12"
    >
      <div
        class="alert alert-primary"
        role="alert"
      >
        <div>
           You are viewing feedback results as . You may submit feedback for sessions that are currently open and view results without logging in. To access other features you need to 
          <a
            href="#"
          >
            login using a Google account
          </a>
           (recommended). 
        </div>
      </div>
    </div>
  </div><div
    class="card card-plain mt-3"
  >
    <div
      class="card-body"
    >
      <div
        class="row text-center"
      >
        <label
          class="col-md-2 text-md-right"
        >
          Course ID:
        </label>
        <div
          class="col-md-7 text-md-left"
          id="course-id"
        >
          CS3281
        </div>
      </div>
      <div
        class="row text-center"
      >
        <label
          class="col-md-2 text-md-right"
        >
          Session:
        </label>
        <div
          class="col-md-7 text-md-left"
          id="session-name"
        >
          Peer Feedback
        </div>
      </div>
      <div
        class="row text-center"
      >
        <label
          class="col-md-2 text-md-right"
        >
          Opening time:
        </label>
        <div
          class="col-md-7 text-md-left"
          id="opening-time"
        >
        </div>
      </div>
      <div
        class="row text-center"
      >
        <label
          class="col-md-2 text-md-right"
        >
          Closing time:
        </label>
        <div
          class="col-md-7 text-md-left"
          id="closing-time"
        >
        </div>
      </div>
    </div>
  </div><tm-loading-retry>
    <tm-loading-spinner>
      <div
        class="loading-container"
      >
        <div
          class="row spinner-border text-primary"
          role="status"
        />
        <div
          class="row text-secondary"
        >
          Loading...
        </div>
      </div>
    </tm-loading-spinner>
  </tm-loading-retry>
</tm-session-result-page>
`;

exports[`SessionResultPageComponent should snap with user that is logged in and using session link 1`] = `
<tm-session-result-page
  Intent={[Function Object]}
  authService={[Function AuthService]}
  backendUrl={[Function String]}
  courseId={[Function String]}
  courseInstitute=""
  courseName=""
  courseService={[Function CourseService]}
  entityType={[Function String]}
  feedbackQuestionsService={[Function FeedbackQuestionsService]}
  feedbackSessionName={[Function String]}
  feedbackSessionsService={[Function FeedbackSessionsService]}
  formattedSessionClosingTime=""
  formattedSessionOpeningTime=""
  hasFeedbackSessionResultsLoadingFailed="false"
  instructorService={[Function InstructorService]}
  intent={[Function String]}
  isCourseLoading="false"
  isFeedbackSessionDetailsLoading="false"
  isFeedbackSessionResultsLoading="false"
  logService={[Function LogService]}
  loggedInUser={[Function String]}
  navigationService={[Function NavigationService]}
  ngbModal={[Function NgbModal]}
  personEmail=""
  personName={[Function String]}
  questions={[Function Array]}
  regKey={[Function String]}
  retryAttempts={[Function Number]}
  route={[Function Object]}
  session={[Function Object]}
  statusMessageService={[Function StatusMessageService]}
  studentService={[Function StudentService]}
  timezoneService={[Function TimezoneService]}
  visibilityRecipient={[Function String]}
>
  <h1>
     Feedback Session Results
  </h1><div
    class="row"
  >
    <div
      class="col-12"
    >
      <div
        class="alert alert-primary"
        role="alert"
      >
        <div>
           You are viewing feedback results as alice. If you wish to link your Google account (alice) with this user, 
          <a
            href="#"
            id="join-course-btn"
          >
            click here
          </a>
          . 
        </div>
      </div>
    </div>
  </div><div
    class="card card-plain mt-3"
  >
    <div
      class="card-body"
    >
      <div
        class="row text-center"
      >
        <label
          class="col-md-2 text-md-right"
        >
          Course ID:
        </label>
        <div
          class="col-md-7 text-md-left"
          id="course-id"
        >
          CS3281
        </div>
      </div>
      <div
        class="row text-center"
      >
        <label
          class="col-md-2 text-md-right"
        >
          Session:
        </label>
        <div
          class="col-md-7 text-md-left"
          id="session-name"
        >
          Peer Feedback
        </div>
      </div>
      <div
        class="row text-center"
      >
        <label
          class="col-md-2 text-md-right"
        >
          Opening time:
        </label>
        <div
          class="col-md-7 text-md-left"
          id="opening-time"
        >
        </div>
      </div>
      <div
        class="row text-center"
      >
        <label
          class="col-md-2 text-md-right"
        >
          Closing time:
        </label>
        <div
          class="col-md-7 text-md-left"
          id="closing-time"
        >
        </div>
      </div>
    </div>
  </div><tm-loading-retry>
    <div>
      <div
        class="mt-4"
      >
        <div
          class="alert alert-primary d-flex align-items-center justify-content-center"
          role="alert"
          style="background-color: #D1ECF1;"
        >
           Nothing to show. The responses are either not configured to be visible or there are no responses. 
        </div>
      </div>
      <tm-question-response-panel>
      </tm-question-response-panel>
    </div>
  </tm-loading-retry>
</tm-session-result-page>
`;

exports[`SessionResultPageComponent should snap with user that is not logged in and using session link 1`] = `
<tm-session-result-page
  Intent={[Function Object]}
  authService={[Function AuthService]}
  backendUrl={[Function String]}
  courseId={[Function String]}
  courseInstitute=""
  courseName=""
  courseService={[Function CourseService]}
  entityType={[Function String]}
  feedbackQuestionsService={[Function FeedbackQuestionsService]}
  feedbackSessionName={[Function String]}
  feedbackSessionsService={[Function FeedbackSessionsService]}
  formattedSessionClosingTime=""
  formattedSessionOpeningTime=""
  hasFeedbackSessionResultsLoadingFailed="false"
  instructorService={[Function InstructorService]}
  intent={[Function String]}
  isCourseLoading="false"
  isFeedbackSessionDetailsLoading="false"
  isFeedbackSessionResultsLoading="false"
  logService={[Function LogService]}
  loggedInUser=""
  navigationService={[Function NavigationService]}
  ngbModal={[Function NgbModal]}
  personEmail=""
  personName={[Function String]}
  questions={[Function Array]}
  regKey={[Function String]}
  retryAttempts={[Function Number]}
  route={[Function Object]}
  session={[Function Object]}
  statusMessageService={[Function StatusMessageService]}
  studentService={[Function StudentService]}
  timezoneService={[Function TimezoneService]}
  visibilityRecipient={[Function String]}
>
  <h1>
     Feedback Session Results
  </h1><div
    class="row"
  >
    <div
      class="col-12"
    >
      <div
        class="alert alert-primary"
        role="alert"
      >
        <div>
           You are viewing feedback results as alice. You may submit feedback for sessions that are currently open and view results without logging in. To access other features you need to 
          <a
            href="#"
          >
            login using a Google account
          </a>
           (recommended). 
        </div>
      </div>
    </div>
  </div><div
    class="card card-plain mt-3"
  >
    <div
      class="card-body"
    >
      <div
        class="row text-center"
      >
        <label
          class="col-md-2 text-md-right"
        >
          Course ID:
        </label>
        <div
          class="col-md-7 text-md-left"
          id="course-id"
        >
          CS3281
        </div>
      </div>
      <div
        class="row text-center"
      >
        <label
          class="col-md-2 text-md-right"
        >
          Session:
        </label>
        <div
          class="col-md-7 text-md-left"
          id="session-name"
        >
          Peer Feedback
        </div>
      </div>
      <div
        class="row text-center"
      >
        <label
          class="col-md-2 text-md-right"
        >
          Opening time:
        </label>
        <div
          class="col-md-7 text-md-left"
          id="opening-time"
        >
        </div>
      </div>
      <div
        class="row text-center"
      >
        <label
          class="col-md-2 text-md-right"
        >
          Closing time:
        </label>
        <div
          class="col-md-7 text-md-left"
          id="closing-time"
        >
        </div>
      </div>
    </div>
  </div><tm-loading-retry>
    <div>
      <div
        class="mt-4"
      >
        <div
          class="alert alert-primary d-flex align-items-center justify-content-center"
          role="alert"
          style="background-color: #D1ECF1;"
        >
           Nothing to show. The responses are either not configured to be visible or there are no responses. 
        </div>
      </div>
      <tm-question-response-panel>
      </tm-question-response-panel>
    </div>
  </tm-loading-retry>
</tm-session-result-page>
`;
